[pikakid98games.wordpress.com/index.html]
[backblue.gif]
[fade.gif]
[index.html]
[s0.wp.com/wp-content/themes/pub/varia/print2d49.css]
[s2.wp.com/_static/index6405.html]
[pikakid98games.wordpress.com/feed/index.html]
[pikakid98games.wordpress.com/comments/feed/index.html]
[pikakid98games.wordpress.com/xmlrpc0db0.php]
[pikakid98games.wordpress.com/osd.xml]
[pikakid98games.wordpress.com/wp-content/uploads/2020/12/cropped-pg-176ca.png]
[pikakid98games.wordpress.com/wp-content/uploads/2020/12/cropped-pg-19939.png]
[pikakid98games.wordpress.com/wp-content/uploads/2020/12/cropped-pg-1ad83.png]
[pikakid98games.wordpress.com/wp-content/uploads/2020/12/cropped-snapshot-147.png]
[pikakid98games.wordpress.com/purrcatory/index.html]
[pikakid98games.wordpress.com/wp-content/uploads/2020/12/purrcatory-imga12c.png]
[pikakid98games.wordpress.com/pikakid98andsonicboomcoltclassics/index.html]
[pikakid98games.wordpress.com/wp-content/uploads/2020/12/pikakid98-sonicboomcolt-classics-imga12c.png]
[pikakid98games.wordpress.com/wp-content/uploads/2020/12/the-story-of-a-succubus-named-candice-v3-imga12c.png]
[pikakid98games.wordpress.com/thestoryofasuccubusnamedcandice/index.html]
[pikakid98games.wordpress.com/wp-content/uploads/2020/12/the-computer-imga12c.png]
[pikakid98games.wordpress.com/thecomputer/index.html]
[pikakid98games.wordpress.com/pikakid98youtuberfangamecollection/index.html]
[pikakid98games.wordpress.com/wp-content/uploads/2020/12/fan-game-collection-imga12c.png]
[pikakid98games.wordpress.com/wp-content/uploads/2020/12/3-cdtp6rpx73d9.png]
[pikakid98games.wordpress.com/caveofthedead/index.html]
[pikakid98games.wordpress.com/wp-content/uploads/2020/12/tlozsod4210.png]
[pikakid98games.wordpress.com/thelegendofzeldaswordofdestiny/index.html]
[pikakid98games.wordpress.com/wp-content/uploads/2020/12/gg-14210.png]
[pikakid98games.wordpress.com/pikakid98studiosgamegallery/index.html]
[pikakid98games.wordpress.com/markipliersmansion/index.html]
[pikakid98games.wordpress.com/wp-content/uploads/2020/12/mm-rrfywr8eb563.png]
[pikakid98games.wordpress.com/8-bitmarkiplier/index.html]
[pikakid98games.wordpress.com/wp-content/uploads/2020/12/project1-2019-03-12-23-07-58-14-uej7k7hp2dff.png]
[pikakid98games.wordpress.com/jacksepticeyeintothesystem/index.html]
[pikakid98games.wordpress.com/wp-content/uploads/2020/12/jseits-f54z7fmv-ptp42eraf494.png]
[pikakid98games.wordpress.com/techron/index.html]
[pikakid98games.wordpress.com/wp-content/uploads/2020/12/techron-mf2t7ytvf494.png]
[pikakid98games.wordpress.com/caveofthedead2/index.html]
[pikakid98games.wordpress.com/wp-content/uploads/2020/12/6-we29spwbd1b7.png]
[pikakid98games.wordpress.com/caveofthedeadremastered/index.html]
[pikakid98games.wordpress.com/wp-content/uploads/2020/12/cotdr2feb.png]
[pikakid98games.wordpress.com/pheadventures/index.html]
[pikakid98games.wordpress.com/wp-content/uploads/2020/12/phe58dd.png]
[pikakid98games.wordpress.com/pokepalsrunner/index.html]
[pikakid98games.wordpress.com/thehouseofghoulsandtraps/index.html]
[pikakid98games.wordpress.com/unnamedspaceshooterstarringpix/index.html]
[pikakid98games.wordpress.com/catwarfaredemake/index.html]
[pikakid98games.wordpress.com/pikakid98sadventure/index.html]
[pikakid98games.wordpress.com/fnafpurpleguyorigins/index.html]
[pikakid98games.wordpress.com/overtalesansadventure/index.html]
[pikakid98games.wordpress.com/sheep/index.html]
[pikakid98games.wordpress.com/caveofthedeadplus/index.html]
[0.gravatar.com/js/hovercards/hovercards.mine688.js]
[s2.wp.com/wp-content/mu-plugins/gravatar-hovercards/wpgrohoe8bd.js]
[pikakid98games.wordpress.com/GET]
[pikakid98games.wordpress.com/wp-content/uploads/2020/12/cropped-pg-1ae05.png]
[s0.wp.com/wp-content/mu-plugins/actionbar/actionbarf84d.css]
[s0.wp.com/wp-content/mu-plugins/actionbar/actionbar4dc1.js]
[stats.wp.com/w735b.js]
[pikakid98games.wordpress.com/wp-content/plugins/ie-sitemode/custom-jumplist.php]
[pixel.wp.com/b0b80.gif]
[pikakid98games.wordpress.com/index.html]
[s2.wp.com/_static/index6405.html]
[s1.wp.com/_static/indexd02a.html]
[s0.wp.com/wp-content/themes/pub/varia/print2d49.css]
[s2.wp.com/wp-content/themes/h4/globalf753.css]
[pikakid98games.wordpress.com/purrcatory/walkthrough/index.html]
[pikakid98games.wordpress.com/purrcatory/team/index.html]
[pikakid98games.wordpress.com/wp-content/uploads/2020/12/9jggsl2dff.png]
[pikakid98games.wordpress.com/wp-content/uploads/2020/12/tnekl22dff.png]
[pikakid98games.wordpress.com/wp-content/uploads/2020/12/9wl3tq2dff.png]
[pikakid98games.wordpress.com/wp-content/uploads/2020/12/j7vtrn2dff.png]
[pikakid98games.wordpress.com/wp-content/uploads/2020/12/kepiql2dff.png]
[pikakid98games.wordpress.com/purrcatory/GET]
[pikakid98games.wordpress.com/purrcatory/index.html]
[pikakid98games.wordpress.com/pikakid98andsonicboomcoltclassics/downloads/index.html]
[pikakid98games.wordpress.com/pikakid98andsonicboomcoltclassics/collection/index.html]
[pikakid98games.wordpress.com/wp-content/uploads/2020/12/1-5fb2gdyz75cc.png]
[pikakid98games.wordpress.com/wp-content/uploads/2020/12/2-chftv8ev75cc.png]
[pikakid98games.wordpress.com/pikakid98andsonicboomcoltclassics/GET]
[pikakid98games.wordpress.com/pikakid98andsonicboomcoltclassics/index.html]
[pikakid98games.wordpress.com/thestoryofasuccubusnamedcandice/downloads/index.html]
[pikakid98games.wordpress.com/wp-content/uploads/2020/12/1-ef2zfpd4bc96.png]
[pikakid98games.wordpress.com/wp-content/uploads/2020/12/2-z4xta9gec0cc.png]
[pikakid98games.wordpress.com/wp-content/uploads/2020/12/3-r3ivkhzab99c.png]
[pikakid98games.wordpress.com/thestoryofasuccubusnamedcandice/GET]
[pikakid98games.wordpress.com/thestoryofasuccubusnamedcandice/index.html]
[pikakid98games.wordpress.com/wp-content/uploads/2020/12/tc11917.png]
[pikakid98games.wordpress.com/thecomputer/downloads/index.html]
[pikakid98games.wordpress.com/wp-content/uploads/2020/12/tc238b2.png]
[pikakid98games.wordpress.com/wp-content/uploads/2020/12/tc36e96.png]
[pikakid98games.wordpress.com/thecomputer/GET]
[pikakid98games.wordpress.com/thecomputer/index.html]
[pikakid98games.wordpress.com/pikakid98youtuberfangamecollection/downloads/index.html]
[pikakid98games.wordpress.com/pikakid98youtuberfangamecollection/collection/index.html]
[pikakid98games.wordpress.com/wp-content/uploads/2020/12/launcher-2019-03-12-23-06-03-72-cu3ibkub75cc.png]
[pikakid98games.wordpress.com/pikakid98youtuberfangamecollection/GET]
[pikakid98games.wordpress.com/pikakid98youtuberfangamecollection/index.html]
[pikakid98games.wordpress.com/wp-content/js/bilmur.min1da4.js]
[pikakid98games.wordpress.com/caveofthedead/downloads/index.html]
[pikakid98games.wordpress.com/wp-content/uploads/2020/12/cotd-2221a.png]
[pikakid98games.wordpress.com/caveofthedead/GET]
[pikakid98games.wordpress.com/caveofthedead/index.html]
[pikakid98games.wordpress.com/wp-content/uploads/2020/12/tlozsod-2dfee.png]
[pikakid98games.wordpress.com/thelegendofzeldaswordofdestiny/downloads/index.html]
[pikakid98games.wordpress.com/wp-content/uploads/2020/12/tlozsod-1221a.png]
[pikakid98games.wordpress.com/thelegendofzeldaswordofdestiny/GET]
[pikakid98games.wordpress.com/thelegendofzeldaswordofdestiny/index.html]
[pikakid98games.wordpress.com/wp-content/uploads/2020/12/gg-24210.png]
[pikakid98games.wordpress.com/pikakid98studiosgamegallery/downloads/index.html]
[pikakid98games.wordpress.com/wp-content/uploads/2020/12/t-gg-2d2e3.png]
[pikakid98games.wordpress.com/wp-content/uploads/2020/12/t-gg-1dfee.png]
[pikakid98games.wordpress.com/pikakid98studiosgamegallery/GET]
[pikakid98games.wordpress.com/pikakid98studiosgamegallery/index.html]
[pikakid98games.wordpress.com/markipliersmansion/downloads/index.html]
[pikakid98games.wordpress.com/wp-content/uploads/2020/12/mm-rrfywr8e-1b563.png]
[pikakid98games.wordpress.com/wp-content/uploads/2020/12/mm3ae94.png]
[pikakid98games.wordpress.com/wp-content/uploads/2020/12/mm2c0cc.png]
[pikakid98games.wordpress.com/markipliersmansion/GET]
[pikakid98games.wordpress.com/markipliersmansion/index.html]
[pikakid98games.wordpress.com/8-bitmarkiplier/downloads/index.html]
[pikakid98games.wordpress.com/8-bitmarkiplier/walkthrough/index.html]
[pikakid98games.wordpress.com/wp-content/uploads/2021/01/8bm-12feb.png]
[pikakid98games.wordpress.com/wp-content/uploads/2021/01/8bm-3c0aa.png]
[pikakid98games.wordpress.com/wp-content/uploads/2021/01/8bm-57d42.png]
[pikakid98games.wordpress.com/wp-content/uploads/2021/01/8bm-2f535.png]
[pikakid98games.wordpress.com/wp-content/uploads/2021/01/8bm-4c0aa.png]
[pikakid98games.wordpress.com/8-bitmarkiplier/GET]
[pikakid98games.wordpress.com/8-bitmarkiplier/index.html]
[pikakid98games.wordpress.com/jacksepticeyeintothesystem/downloads/index.html]
[pikakid98games.wordpress.com/wp-content/uploads/2021/01/jseits-1eed7.png]
[pikakid98games.wordpress.com/wp-content/uploads/2021/01/jseits-3f494.png]
[pikakid98games.wordpress.com/wp-content/uploads/2021/01/jseits-2eed7.png]
[pikakid98games.wordpress.com/wp-content/uploads/2021/01/jseits-4f494.png]
[pikakid98games.wordpress.com/jacksepticeyeintothesystem/GET]
[pikakid98games.wordpress.com/jacksepticeyeintothesystem/index.html]
[pikakid98games.wordpress.com/wp-content/uploads/2021/01/techron-191ea.png]
[pikakid98games.wordpress.com/techron/downloads/index.html]
[pikakid98games.wordpress.com/wp-content/uploads/2021/01/techron-3b99c.png]
[pikakid98games.wordpress.com/wp-content/uploads/2021/01/techron-2c0cc.png]
[pikakid98games.wordpress.com/techron/GET]
[pikakid98games.wordpress.com/techron/index.html]
[pikakid98games.wordpress.com/caveofthedead2/downloads/index.html]
[pikakid98games.wordpress.com/wp-content/uploads/2021/01/cotd2-120ec.png]
[pikakid98games.wordpress.com/wp-content/uploads/2021/01/cotd2-3afec.png]
[pikakid98games.wordpress.com/wp-content/uploads/2021/01/cotd2-59e87.png]
[pikakid98games.wordpress.com/wp-content/uploads/2021/01/cotd2-2afec.png]
[pikakid98games.wordpress.com/wp-content/uploads/2021/01/cotd2-420ec.png]
[pikakid98games.wordpress.com/wp-content/uploads/2021/01/cotd2-66398.png]
[pikakid98games.wordpress.com/caveofthedead2/GET]
[pikakid98games.wordpress.com/caveofthedead2/index.html]
[pikakid98games.wordpress.com/caveofthedeadremastered/downloads/index.html]
[pikakid98games.wordpress.com/wp-content/uploads/2021/01/cotdr-17d42.png]
[pikakid98games.wordpress.com/wp-content/uploads/2021/01/cotdr-33547.png]
[pikakid98games.wordpress.com/wp-content/uploads/2021/01/cotdr-23547.png]
[pikakid98games.wordpress.com/wp-content/uploads/2021/01/cotdr2feb.png]
[pikakid98games.wordpress.com/caveofthedeadremastered/GET]
[pikakid98games.wordpress.com/caveofthedeadremastered/index.html]
[pikakid98games.wordpress.com/pheadventures/downloads/index.html]
[pikakid98games.wordpress.com/wp-content/uploads/2021/01/phe58dd.png]
[pikakid98games.wordpress.com/wp-content/uploads/2021/01/phe-26ebd.png]
[pikakid98games.wordpress.com/wp-content/uploads/2021/01/phe-1c401.png]
[pikakid98games.wordpress.com/pheadventures/GET]
[pikakid98games.wordpress.com/pheadventures/index.html]
[pikakid98games.wordpress.com/pokepalsrunner/GET]
[pikakid98games.wordpress.com/pokepalsrunner/index.html]
[pikakid98games.wordpress.com/unnamedspaceshooterstarringpix/GET]
[pikakid98games.wordpress.com/unnamedspaceshooterstarringpix/index.html]
[pikakid98games.wordpress.com/thehouseofghoulsandtraps/GET]
[pikakid98games.wordpress.com/thehouseofghoulsandtraps/index.html]
[pikakid98games.wordpress.com/pikakid98sadventure/GET]
[pikakid98games.wordpress.com/pikakid98sadventure/index.html]
[pikakid98games.wordpress.com/catwarfaredemake/GET]
[pikakid98games.wordpress.com/catwarfaredemake/index.html]
[pikakid98games.wordpress.com/fnafpurpleguyorigins/GET]
[pikakid98games.wordpress.com/fnafpurpleguyorigins/index.html]
[pikakid98games.wordpress.com/overtalesansadventure/GET]
[pikakid98games.wordpress.com/overtalesansadventure/index.html]
[pikakid98games.wordpress.com/sheep/GET]
[pikakid98games.wordpress.com/sheep/index.html]
[pikakid98games.wordpress.com/caveofthedeadplus/GET]
[pikakid98games.wordpress.com/caveofthedeadplus/index.html]
[pikakid98games.wordpress.com/GET.html]
[s0.wp.com/wp-content/mu-plugins/actionbar/actionbarf84d.css]
[pikakid98games.wordpress.com/purrcatory/download/index.html]
[pikakid98games.wordpress.com/purrcatory/downloads/index.html]
[pikakid98games.wordpress.com/purrcatory/walkthrough/GET]
[pikakid98games.wordpress.com/purrcatory/walkthrough/secrets/index.html]
[pikakid98games.wordpress.com/purrcatory/walkthrough/index.html]
[pikakid98games.wordpress.com/purrcatory/team/GET]
[pikakid98games.wordpress.com/purrcatory/team/index.html]
[pikakid98games.wordpress.com/purrcatory/GET.html]
[pikakid98games.wordpress.com/wp-content/uploads/2020/12/gamejolt-1ad83.png]
[pikakid98games.wordpress.com/wp-content/uploads/2020/12/itch.io_76ca.png]
[pikakid98games.wordpress.com/pikakid98andsonicboomcoltclassics/downloads/GET]
[pikakid98games.wordpress.com/pikakid98andsonicboomcoltclassics/downloads/index.html]
[pikakid98games.wordpress.com/pikakid98andsonicboomcoltclassics/collection/GET]
[pikakid98games.wordpress.com/pikakid98andsonicboomcoltclassics/collection/index.html]
[pikakid98games.wordpress.com/pikakid98andsonicboomcoltclassics/GET.html]
[pikakid98games.wordpress.com/thestoryofasuccubusnamedcandice/downloads/GET]
[pikakid98games.wordpress.com/thestoryofasuccubusnamedcandice/downloads/index.html]
[pikakid98games.wordpress.com/thestoryofasuccubusnamedcandice/GET.html]
[pikakid98games.wordpress.com/thecomputer/downloads/GET]
[pikakid98games.wordpress.com/thecomputer/downloads/index.html]
[pikakid98games.wordpress.com/thecomputer/GET.html]
[pikakid98games.wordpress.com/pikakid98youtuberfangamecollection/downloads/GET]
[pikakid98games.wordpress.com/pikakid98youtuberfangamecollection/downloads/index.html]
[pikakid98games.wordpress.com/pikakid98youtuberfangamecollection/collection/GET]
[pikakid98games.wordpress.com/pikakid98youtuberfangamecollection/collection/index.html]
[pikakid98games.wordpress.com/pikakid98youtuberfangamecollection/GET.html]
[pikakid98games.wordpress.com/caveofthedead/downloads/GET]
[pikakid98games.wordpress.com/caveofthedead/downloads/index.html]
[pikakid98games.wordpress.com/caveofthedead/GET.html]
[pikakid98games.wordpress.com/thelegendofzeldaswordofdestiny/downloads/GET]
[pikakid98games.wordpress.com/thelegendofzeldaswordofdestiny/downloads/index.html]
[pikakid98games.wordpress.com/thelegendofzeldaswordofdestiny/GET.html]
[pikakid98games.wordpress.com/pikakid98studiosgamegallery/downloads/GET]
[pikakid98games.wordpress.com/pikakid98studiosgamegallery/downloads/index.html]
[pikakid98games.wordpress.com/pikakid98studiosgamegallery/GET.html]
[pikakid98games.wordpress.com/markipliersmansion/downloads/GET]
[pikakid98games.wordpress.com/markipliersmansion/downloads/index.html]
[pikakid98games.wordpress.com/markipliersmansion/GET.html]
[pikakid98games.wordpress.com/8-bitmarkiplier/downloads/GET]
[pikakid98games.wordpress.com/8-bitmarkiplier/downloads/index.html]
[pikakid98games.wordpress.com/wp-content/uploads/2021/01/8bm-s11d75.png]
[pikakid98games.wordpress.com/wp-content/uploads/2021/01/8bm-s3f535.png]
[pikakid98games.wordpress.com/8-bitmarkiplier/walkthrough/GET]
[pikakid98games.wordpress.com/8-bitmarkiplier/walkthrough/index.html]
[pikakid98games.wordpress.com/8-bitmarkiplier/GET.html]
[pikakid98games.wordpress.com/jacksepticeyeintothesystem/downloads/GET]
[pikakid98games.wordpress.com/jacksepticeyeintothesystem/downloads/index.html]
[pikakid98games.wordpress.com/jacksepticeyeintothesystem/GET.html]
[pikakid98games.wordpress.com/techron/downloads/GET]
[pikakid98games.wordpress.com/techron/downloads/index.html]
[pikakid98games.wordpress.com/techron/GET.html]
[pikakid98games.wordpress.com/caveofthedead2/downloads/GET]
[pikakid98games.wordpress.com/caveofthedead2/downloads/index.html]
[pikakid98games.wordpress.com/caveofthedead2/GET.html]
[pikakid98games.wordpress.com/caveofthedeadremastered/downloads/GET]
[pikakid98games.wordpress.com/caveofthedeadremastered/downloads/index.html]
[pikakid98games.wordpress.com/caveofthedeadremastered/GET.html]
[pikakid98games.wordpress.com/pheadventures/downloads/GET]
[pikakid98games.wordpress.com/pheadventures/downloads/index.html]
[pikakid98games.wordpress.com/pheadventures/GET.html]
[pikakid98games.wordpress.com/pokepalsrunner/GET.html]
[pikakid98games.wordpress.com/unnamedspaceshooterstarringpix/GET.html]
[pikakid98games.wordpress.com/thehouseofghoulsandtraps/GET.html]
[pikakid98games.wordpress.com/pikakid98sadventure/GET.html]
[pikakid98games.wordpress.com/catwarfaredemake/GET.html]
[pikakid98games.wordpress.com/fnafpurpleguyorigins/GET.html]
[pikakid98games.wordpress.com/overtalesansadventure/GET.html]
[pikakid98games.wordpress.com/sheep/GET.html]
[pikakid98games.wordpress.com/caveofthedeadplus/GET.html]
[pikakid98games.wordpress.com/purrcatory/downloads/GET]
[pikakid98games.wordpress.com/purrcatory/downloads/index.html]
[pikakid98games.wordpress.com/purrcatory/walkthrough/secrets/GET]
[pikakid98games.wordpress.com/purrcatory/walkthrough/secrets/index.html]
[pikakid98games.wordpress.com/purrcatory/walkthrough/GET.html]
[pikakid98games.wordpress.com/purrcatory/team/GET.html]
[pikakid98games.wordpress.com/pikakid98andsonicboomcoltclassics/downloads/GET.html]
[pikakid98games.wordpress.com/pikakid98andsonicboomcoltclassics/collection/GET.html]
[pikakid98games.wordpress.com/thestoryofasuccubusnamedcandice/downloads/GET.html]
[pikakid98games.wordpress.com/thecomputer/downloads/GET.html]
[pikakid98games.wordpress.com/pikakid98youtuberfangamecollection/downloads/GET.html]
[pikakid98games.wordpress.com/pikakid98youtuberfangamecollection/collection/GET.html]
[pikakid98games.wordpress.com/caveofthedead/downloads/GET.html]
[pikakid98games.wordpress.com/thelegendofzeldaswordofdestiny/downloads/GET.html]
[pikakid98games.wordpress.com/pikakid98studiosgamegallery/downloads/GET.html]
[pikakid98games.wordpress.com/markipliersmansion/downloads/GET.html]
[pikakid98games.wordpress.com/8-bitmarkiplier/downloads/GET.html]
[pikakid98games.wordpress.com/8-bitmarkiplier/walkthrough/GET.html]
[pikakid98games.wordpress.com/jacksepticeyeintothesystem/downloads/GET.html]
[pikakid98games.wordpress.com/techron/downloads/GET.html]
[pikakid98games.wordpress.com/caveofthedead2/downloads/GET.html]
[pikakid98games.wordpress.com/caveofthedeadremastered/downloads/GET.html]
[pikakid98games.wordpress.com/pheadventures/downloads/GET.html]
[pikakid98games.wordpress.com/purrcatory/downloads/GET.html]
[pikakid98games.wordpress.com/purrcatory/walkthrough/secrets/GET.html]
